[INFO] Scanning for projects...
[INFO] 
[INFO] ------------------< com.sabbpe:sabbpe-admin-backend >-------------------
[INFO] Building SabbPe Admin Backend 1.0.0
[INFO]   from pom.xml
[INFO] --------------------------------[ jar ]---------------------------------
[INFO] 
[INFO] >>> spring-boot:3.4.4:run (default-cli) > test-compile @ sabbpe-admin-backend >>>
[INFO] 
[INFO] --- resources:3.3.1:resources (default-resources) @ sabbpe-admin-backend ---
[INFO] Copying 1 resource from src\main\resources to target\classes
[INFO] Copying 1 resource from src\main\resources to target\classes
[INFO] 
[INFO] --- compiler:3.13.0:compile (default-compile) @ sabbpe-admin-backend ---
[INFO] Recompiling the module because of changed source code.
[INFO] Compiling 42 source files with javac [debug parameters release 21] to target\classes
[INFO] Annotation processing is enabled because one or more processors were found
  on the class path. A future release of javac may disable annotation processing
  unless at least one processor is specified by name (-processor), or a search
  path is specified (--processor-path, --processor-module-path), or annotation
  processing is enabled explicitly (-proc:only, -proc:full).
  Use -Xlint:-options to suppress this message.
  Use -proc:none to disable annotation processing.
[WARNING] /C:/Users/DELL/OneDrive/Documents/onboarding/backend-spring-admin/src/main/java/com/sabbpe/admin/model/MerchantPersonEntity.java:[31,21] @Builder will ignore the initializing expression entirely. If you want the initializing expression to serve as default, add @Builder.Default. If it is not supposed to be settable during building, make the field final.
[WARNING] /C:/Users/DELL/OneDrive/Documents/onboarding/backend-spring-admin/src/main/java/com/sabbpe/admin/model/MerchantPersonEntity.java:[34,21] @Builder will ignore the initializing expression entirely. If you want the initializing expression to serve as default, add @Builder.Default. If it is not supposed to be settable during building, make the field final.
[WARNING] /C:/Users/DELL/OneDrive/Documents/onboarding/backend-spring-admin/src/main/java/com/sabbpe/admin/model/MerchantDocumentEntity.java:[31,20] @Builder will ignore the initializing expression entirely. If you want the initializing expression to serve as default, add @Builder.Default. If it is not supposed to be settable during building, make the field final.
[WARNING] /C:/Users/DELL/OneDrive/Documents/onboarding/backend-spring-admin/src/main/java/com/sabbpe/admin/model/MerchantProfileEntity.java:[48,20] @Builder will ignore the initializing expression entirely. If you want the initializing expression to serve as default, add @Builder.Default. If it is not supposed to be settable during building, make the field final.
[WARNING] /C:/Users/DELL/OneDrive/Documents/onboarding/backend-spring-admin/src/main/java/com/sabbpe/admin/model/MerchantProfileEntity.java:[69,21] @Builder will ignore the initializing expression entirely. If you want the initializing expression to serve as default, add @Builder.Default. If it is not supposed to be settable during building, make the field final.
[WARNING] /C:/Users/DELL/OneDrive/Documents/onboarding/backend-spring-admin/src/main/java/com/sabbpe/admin/model/TicketEntity.java:[20,20] @Builder will ignore the initializing expression entirely. If you want the initializing expression to serve as default, add @Builder.Default. If it is not supposed to be settable during building, make the field final.
[WARNING] /C:/Users/DELL/OneDrive/Documents/onboarding/backend-spring-admin/src/main/java/com/sabbpe/admin/model/TicketEntity.java:[32,20] @Builder will ignore the initializing expression entirely. If you want the initializing expression to serve as default, add @Builder.Default. If it is not supposed to be settable during building, make the field final.
[WARNING] /C:/Users/DELL/OneDrive/Documents/onboarding/backend-spring-admin/src/main/java/com/sabbpe/admin/model/TicketEntity.java:[35,20] @Builder will ignore the initializing expression entirely. If you want the initializing expression to serve as default, add @Builder.Default. If it is not supposed to be settable during building, make the field final.
[WARNING] /C:/Users/DELL/OneDrive/Documents/onboarding/backend-spring-admin/src/main/java/com/sabbpe/admin/model/MerchantCreditCheckEntity.java:[22,20] @Builder will ignore the initializing expression entirely. If you want the initializing expression to serve as default, add @Builder.Default. If it is not supposed to be settable during building, make the field final.
[WARNING] /C:/Users/DELL/OneDrive/Documents/onboarding/backend-spring-admin/src/main/java/com/sabbpe/admin/model/MerchantCreditCheckEntity.java:[37,20] @Builder will ignore the initializing expression entirely. If you want the initializing expression to serve as default, add @Builder.Default. If it is not supposed to be settable during building, make the field final.
[WARNING] /C:/Users/DELL/OneDrive/Documents/onboarding/backend-spring-admin/src/main/java/com/sabbpe/admin/model/UserEntity.java:[33,21] @Builder will ignore the initializing expression entirely. If you want the initializing expression to serve as default, add @Builder.Default. If it is not supposed to be settable during building, make the field final.
[WARNING] /C:/Users/DELL/OneDrive/Documents/onboarding/backend-spring-admin/src/main/java/com/sabbpe/admin/model/DocumentValidationEntity.java:[31,21] @Builder will ignore the initializing expression entirely. If you want the initializing expression to serve as default, add @Builder.Default. If it is not supposed to be settable during building, make the field final.
[WARNING] /C:/Users/DELL/OneDrive/Documents/onboarding/backend-spring-admin/src/main/java/com/sabbpe/admin/model/DocumentValidationEntity.java:[39,21] @Builder will ignore the initializing expression entirely. If you want the initializing expression to serve as default, add @Builder.Default. If it is not supposed to be settable during building, make the field final.
[WARNING] /C:/Users/DELL/OneDrive/Documents/onboarding/backend-spring-admin/src/main/java/com/sabbpe/admin/model/TicketMessageEntity.java:[25,20] @Builder will ignore the initializing expression entirely. If you want the initializing expression to serve as default, add @Builder.Default. If it is not supposed to be settable during building, make the field final.
[WARNING] /C:/Users/DELL/OneDrive/Documents/onboarding/backend-spring-admin/src/main/java/com/sabbpe/admin/model/MerchantKycEntity.java:[24,21] @Builder will ignore the initializing expression entirely. If you want the initializing expression to serve as default, add @Builder.Default. If it is not supposed to be settable during building, make the field final.
[WARNING] /C:/Users/DELL/OneDrive/Documents/onboarding/backend-spring-admin/src/main/java/com/sabbpe/admin/model/MerchantKycEntity.java:[27,21] @Builder will ignore the initializing expression entirely. If you want the initializing expression to serve as default, add @Builder.Default. If it is not supposed to be settable during building, make the field final.
[WARNING] /C:/Users/DELL/OneDrive/Documents/onboarding/backend-spring-admin/src/main/java/com/sabbpe/admin/model/MerchantKycEntity.java:[42,20] @Builder will ignore the initializing expression entirely. If you want the initializing expression to serve as default, add @Builder.Default. If it is not supposed to be settable during building, make the field final.
[INFO] /C:/Users/DELL/OneDrive/Documents/onboarding/backend-spring-admin/src/main/java/com/sabbpe/admin/security/JwtTokenProvider.java: C:\Users\DELL\OneDrive\Documents\onboarding\backend-spring-admin\src\main\java\com\sabbpe\admin\security\JwtTokenProvider.java uses unchecked or unsafe operations.
[INFO] /C:/Users/DELL/OneDrive/Documents/onboarding/backend-spring-admin/src/main/java/com/sabbpe/admin/security/JwtTokenProvider.java: Recompile with -Xlint:unchecked for details.
[INFO] 
[INFO] --- resources:3.3.1:testResources (default-testResources) @ sabbpe-admin-backend ---
[INFO] skip non existing resourceDirectory C:\Users\DELL\OneDrive\Documents\onboarding\backend-spring-admin\src\test\resources
[INFO] 
[INFO] --- compiler:3.13.0:testCompile (default-testCompile) @ sabbpe-admin-backend ---
[INFO] Recompiling the module because of changed dependency.
[INFO] Compiling 1 source file with javac [debug parameters release 21] to target\test-classes
[INFO] Annotation processing is enabled because one or more processors were found
  on the class path. A future release of javac may disable annotation processing
  unless at least one processor is specified by name (-processor), or a search
  path is specified (--processor-path, --processor-module-path), or annotation
  processing is enabled explicitly (-proc:only, -proc:full).
  Use -Xlint:-options to suppress this message.
  Use -proc:none to disable annotation processing.
[INFO] 
[INFO] <<< spring-boot:3.4.4:run (default-cli) < test-compile @ sabbpe-admin-backend <<<
[INFO] 
[INFO] 
[INFO] --- spring-boot:3.4.4:run (default-cli) @ sabbpe-admin-backend ---
[INFO] Attaching agents: []

  .   ____          _            __ _ _
 /\\ / ___'_ __ _ _(_)_ __  __ _ \ \ \ \
( ( )\___ | '_ | '_| | '_ \/ _` | \ \ \ \
 \\/  ___)| |_)| | | | | || (_| |  ) ) ) )
  '  |____| .__|_| |_|_| |_\__, | / / / /
 =========|_|==============|___/=/_/_/_/

 :: Spring Boot ::                (v3.4.4)

2026-07-23T18:34:07.360+05:30  INFO 18548 --- [sabbpe-admin-backend] [           main] c.sabbpe.admin.SabbPeAdminApplication    : Starting SabbPeAdminApplication using Java 21.0.11 with PID 18548 (C:\Users\DELL\OneDrive\Documents\onboarding\backend-spring-admin\target\classes started by REETHU in C:\Users\DELL\OneDrive\Documents\onboarding\backend-spring-admin)
2026-07-23T18:34:07.383+05:30 DEBUG 18548 --- [sabbpe-admin-backend] [           main] c.sabbpe.admin.SabbPeAdminApplication    : Running with Spring Boot v3.4.4, Spring v6.2.5
2026-07-23T18:34:07.387+05:30  INFO 18548 --- [sabbpe-admin-backend] [           main] c.sabbpe.admin.SabbPeAdminApplication    : No active profile set, falling back to 1 default profile: "default"
2026-07-23T18:34:11.829+05:30  INFO 18548 --- [sabbpe-admin-backend] [           main] .s.d.r.c.RepositoryConfigurationDelegate : Bootstrapping Spring Data JPA repositories in DEFAULT mode.
2026-07-23T18:34:12.350+05:30  INFO 18548 --- [sabbpe-admin-backend] [           main] .s.d.r.c.RepositoryConfigurationDelegate : Finished Spring Data repository scanning in 473 ms. Found 12 JPA repository interfaces.
2026-07-23T18:34:16.131+05:30  INFO 18548 --- [sabbpe-admin-backend] [           main] o.s.b.w.embedded.tomcat.TomcatWebServer  : Tomcat initialized with port 5000 (http)
2026-07-23T18:34:16.207+05:30  INFO 18548 --- [sabbpe-admin-backend] [           main] o.apache.catalina.core.StandardService   : Starting service [Tomcat]
2026-07-23T18:34:16.213+05:30  INFO 18548 --- [sabbpe-admin-backend] [           main] o.apache.catalina.core.StandardEngine    : Starting Servlet engine: [Apache Tomcat/10.1.39]
2026-07-23T18:34:16.470+05:30  INFO 18548 --- [sabbpe-admin-backend] [           main] o.a.c.c.C.[Tomcat].[localhost].[/]       : Initializing Spring embedded WebApplicationContext
2026-07-23T18:34:16.486+05:30  INFO 18548 --- [sabbpe-admin-backend] [           main] w.s.c.ServletWebServerApplicationContext : Root WebApplicationContext: initialization completed in 8828 ms
2026-07-23T18:34:16.888+05:30 DEBUG 18548 --- [sabbpe-admin-backend] [           main] c.s.a.security.JwtAuthenticationFilter   : Filter 'jwtAuthenticationFilter' configured for use
2026-07-23T18:34:18.984+05:30  INFO 18548 --- [sabbpe-admin-backend] [           main] o.hibernate.jpa.internal.util.LogHelper  : HHH000204: Processing PersistenceUnitInfo [name: default]
2026-07-23T18:34:19.332+05:30  INFO 18548 --- [sabbpe-admin-backend] [           main] org.hibernate.Version                    : HHH000412: Hibernate ORM core version 6.6.11.Final
2026-07-23T18:34:19.497+05:30  INFO 18548 --- [sabbpe-admin-backend] [           main] o.h.c.internal.RegionFactoryInitiator    : HHH000026: Second-level cache disabled
2026-07-23T18:34:20.865+05:30  INFO 18548 --- [sabbpe-admin-backend] [           main] o.s.o.j.p.SpringPersistenceUnitInfo      : No LoadTimeWeaver setup: ignoring JPA class transformer
2026-07-23T18:34:21.004+05:30  INFO 18548 --- [sabbpe-admin-backend] [           main] com.zaxxer.hikari.HikariDataSource       : HikariPool-1 - Starting...
2026-07-23T18:34:22.117+05:30  INFO 18548 --- [sabbpe-admin-backend] [           main] com.zaxxer.hikari.pool.HikariPool        : HikariPool-1 - Added connection org.mariadb.jdbc.Connection@740c4868
2026-07-23T18:34:22.124+05:30  INFO 18548 --- [sabbpe-admin-backend] [           main] com.zaxxer.hikari.HikariDataSource       : HikariPool-1 - Start completed.
2026-07-23T18:34:22.296+05:30  WARN 18548 --- [sabbpe-admin-backend] [           main] org.hibernate.orm.deprecation            : HHH90000025: MariaDBDialect does not need to be specified explicitly using 'hibernate.dialect' (remove the property setting and it will be selected by default)
2026-07-23T18:34:22.588+05:30  INFO 18548 --- [sabbpe-admin-backend] [           main] org.hibernate.orm.connections.pooling    : HHH10001005: Database info:
	Database JDBC URL [Connecting through datasource 'HikariDataSource (HikariPool-1)']
	Database driver: undefined/unknown
	Database version: 11.4.12
	Autocommit mode: undefined/unknown
	Isolation level: undefined/unknown
	Minimum pool size: undefined/unknown
	Maximum pool size: undefined/unknown
2026-07-23T18:34:25.667+05:30  INFO 18548 --- [sabbpe-admin-backend] [           main] o.h.e.t.j.p.i.JtaPlatformInitiator       : HHH000489: No JTA platform available (set 'hibernate.transaction.jta.platform' to enable JTA platform integration)
2026-07-23T18:34:25.681+05:30  INFO 18548 --- [sabbpe-admin-backend] [           main] j.LocalContainerEntityManagerFactoryBean : Initialized JPA EntityManagerFactory for persistence unit 'default'
2026-07-23T18:34:26.505+05:30  INFO 18548 --- [sabbpe-admin-backend] [           main] o.s.d.j.r.query.QueryEnhancerFactory     : Hibernate is in classpath; If applicable, HQL parser will be used.
2026-07-23T18:34:28.266+05:30  WARN 18548 --- [sabbpe-admin-backend] [           main] JpaBaseConfiguration$JpaWebConfiguration : spring.jpa.open-in-view is enabled by default. Therefore, database queries may be performed during view rendering. Explicitly configure spring.jpa.open-in-view to disable this warning
2026-07-23T18:34:32.103+05:30  INFO 18548 --- [sabbpe-admin-backend] [           main] o.s.b.w.embedded.tomcat.TomcatWebServer  : Tomcat started on port 5000 (http) with context path '/'
2026-07-23T18:34:32.141+05:30  INFO 18548 --- [sabbpe-admin-backend] [           main] c.sabbpe.admin.SabbPeAdminApplication    : Started SabbPeAdminApplication in 27.659 seconds (process running for 29.939)
2026-07-23T18:35:02.378+05:30  INFO 18548 --- [sabbpe-admin-backend] [nio-5000-exec-1] o.a.c.c.C.[Tomcat].[localhost].[/]       : Initializing Spring DispatcherServlet 'dispatcherServlet'
2026-07-23T18:35:02.379+05:30  INFO 18548 --- [sabbpe-admin-backend] [nio-5000-exec-1] o.s.web.servlet.DispatcherServlet        : Initializing Servlet 'dispatcherServlet'
2026-07-23T18:35:02.380+05:30  INFO 18548 --- [sabbpe-admin-backend] [nio-5000-exec-1] o.s.web.servlet.DispatcherServlet        : Completed initialization in 1 ms
